node.exe : [baseline-brows
er-mapping] The data in 
this module is over two 
months old.  To ensure 
accurate Baseline data, 
please update: `npm i base
line-browser-mapping@lates
t -D`
At line:1 char:1
+ & "C:\Program 
Files\nodejs/node.exe" 
"C:\Program 
Files\nodejs/node_mo ...
+ ~~~~~~~~~~~~~~~~~~~~~~~~
~~~~~~~~~~~~~~~~~~~~~~~~~~
~~~~~~~~~~~~~~~~~~~
    + CategoryInfo        
      : NotSpecified: ([  
  baseline-brows...ping   
 @latest -D`:String) [    
], RemoteException
    + FullyQualifiedError 
   Id : NativeCommandErr  
  or
 
   Γû▓ Next.js 16.0.10 (Turbopack)
   - Environments: .env
   - Experiments (use with caution):
     ┬╖ serverActions

   Creating an optimized production build ...
[baseline-browser-mapping]
 The data in this module 
is over two months old.  
To ensure accurate 
Baseline data, please 
update: `npm i baseline-br
owser-mapping@latest -D`
 Γ£ô Compiled successfully in 6.9s
   Running TypeScript ...
   Collecting page data using 7 workers ...
[baseline-browser-mapping]
 The data in this module 
is over two months old.  
To ensure accurate 
Baseline data, please 
update: `npm i baseline-br
owser-mapping@latest -D`
[baseline-browser-mapping]
 The data in this module 
is over two months old.  
To ensure accurate 
Baseline data, please 
update: `npm i baseline-br
owser-mapping@latest -D`
[baseline-browser-mapping]
 The data in this module 
is over two months old.  
To ensure accurate 
Baseline data, please 
update: `npm i baseline-br
owser-mapping@latest -D`
[baseline-browser-mapping]
 The data in this module 
is over two months old.  
To ensure accurate 
Baseline data, please 
update: `npm i baseline-br
owser-mapping@latest -D`
[baseline-browser-mapping]
 The data in this module 
is over two months old.  
To ensure accurate 
Baseline data, please 
update: `npm i baseline-br
owser-mapping@latest -D`
[baseline-browser-mapping]
 The data in this module 
is over two months old.  
To ensure accurate 
Baseline data, please 
update: `npm i baseline-br
owser-mapping@latest -D`
[baseline-browser-mapping]
 The data in this module 
is over two months old.  
To ensure accurate 
Baseline data, please 
update: `npm i baseline-br
owser-mapping@latest -D`
Error [PrismaClientInitial
izationError]: 
`PrismaClient` needs to 
be constructed with a 
non-empty, valid 
`PrismaClientOptions`:

```
new PrismaClient({
  ...
})
```

or

```
constructor() {
  super({ ... });
}
```
          
    at module evaluation (
C:\Bhavya\Office\Timey\.ne
xt\server\chunks\[root-of-
the-server]__3cd84876._.js
:1:1393)
    at instantiateModule (
C:\Bhavya\Office\Timey\.ne
xt\server\chunks\[turbopac
k]_runtime.js:715:9)
    at 
instantiateRuntimeModule (
C:\Bhavya\Office\Timey\.ne
xt\server\chunks\[turbopac
k]_runtime.js:743:12)
    at getOrInstantiateRun
timeModule (C:\Bhavya\Offi
ce\Timey\.next\server\chun
ks\[turbopack]_runtime.js:
756:12)
    at Object.m (C:\Bhavya
\Office\Timey\.next\server
\chunks\[turbopack]_runtim
e.js:765:18)
    at Object.<anonymous> 
(C:\Bhavya\Office\Timey\.n
ext\server\app\api\env\rou
te.js:5:3) {
  clientVersion: '7.6.0',
  errorCode: undefined,
  retryable: undefined
}

> Build error occurred
Error: Failed to collect 
page data for /api/env
    at ignore-listed 
frames {
  type: 'Error'
}
